// Vitest Snapshot v1, https://vitest.dev/guide/snapshot.html

exports[`AccountPage > renders 1`] = `
<div
  class="InformationalPage"
  data-testid="InformationalPage"
>
  <div>
    Main page!
  </div>
  <div>
    stuff about this app!
  </div>
  <div>
    Use these links to 
    <a
      href="/login"
    >
      login
    </a>
     or
    <a
      href="/register"
    >
      register
    </a>
    !
  </div>
</div>
`;
